******************************************************************************
                  TI ARM Linker PC v5.1.5                      
******************************************************************************
>> Linked Sun Aug 03 09:47:42 2014

OUTPUT FILE NAME:   <tm4c_confSSI_test.out>
ENTRY POINT SYMBOL: "_c_int00"  address: 00000839


MEMORY CONFIGURATION

         name            origin    length      used     unused   attr    fill
----------------------  --------  ---------  --------  --------  ----  --------
  FLASH                 00000000   00040000  00000b44  0003f4bc  R  X
  SRAM                  20000000   00008000  00000214  00007dec  RW X


SEGMENT ALLOCATION MAP

run origin  load origin   length   init length attrs members
----------  ----------- ---------- ----------- ----- -------
00000000    00000000    00000b48   00000b48    r-x
  00000000    00000000    0000026c   0000026c    r-- .intvecs
  0000026c    0000026c    000007bc   000007bc    r-x .text
  00000a28    00000a28    000000fc   000000fc    r-- .const
  00000b28    00000b28    00000020   00000020    r-- .cinit
20000000    20000000    00000214   00000000    rw-
  20000000    20000000    00000200   00000000    rw- .stack
  20000200    20000200    00000014   00000000    rw- .data


SECTION ALLOCATION MAP

 output                                  attributes/
section   page    origin      length       input sections
--------  ----  ----------  ----------   ----------------
.intvecs   0    00000000    0000026c     
                  00000000    0000026c     tm4c123gh6pm_startup_ccs.obj (.intvecs)

.init_array 
*          0    00000000    00000000     UNINITIALIZED

.text      0    0000026c    000007bc     
                  0000026c    00000130     driverlib.lib : gpio.obj (.text:GPIOPadConfigSet)
                  0000039c    00000104                   : sysctl.obj (.text:SysCtlClockSet)
                  000004a0    000000f8     main.obj (.text)
                  00000598    000000c8     driverlib.lib : sysctl.obj (.text:SysCtlClockGet)
                  00000660    0000009c     rtsv7M4_T_le_v4SPD16_eabi.lib : memcpy_t2.obj (.text)
                  000006fc    00000094                                   : auto_init.obj (.text)
                  00000790    0000005e                                   : copy_decompress_rle.obj (.text)
                  000007ee    00000002     --HOLE-- [fill = 0]
                  000007f0    00000048     driverlib.lib : gpio.obj (.text:GPIOPinConfigure)
                  00000838    00000048     rtsv7M4_T_le_v4SPD16_eabi.lib : boot.obj (.text)
                  00000880    00000044                                   : cpy_tbl.obj (.text)
                  000008c4    00000044                                   : exit.obj (.text)
                  00000908    00000042     driverlib.lib : ssi.obj (.text:SSIConfigSetExpClk)
                  0000094a    00000002     --HOLE-- [fill = 0]
                  0000094c    00000034                   : sysctl.obj (.text:SysCtlPeripheralEnable)
                  00000980    0000002a                   : gpio.obj (.text:GPIODirModeSet)
                  000009aa    00000002     --HOLE-- [fill = 0]
                  000009ac    00000018     rtsv7M4_T_le_v4SPD16_eabi.lib : args_main.obj (.text)
                  000009c4    00000014                                   : _lock.obj (.text)
                  000009d8    00000012     driverlib.lib : gpio.obj (.text:GPIOPinTypeSSI)
                  000009ea    0000000e                   : ssi.obj (.text:SSIDataPutNonBlocking)
                  000009f8    0000000e     rtsv7M4_T_le_v4SPD16_eabi.lib : copy_decompress_none.obj (.text:decompress:none)
                  00000a06    0000000c     tm4c123gh6pm_startup_ccs.obj (.text)
                  00000a12    0000000a     driverlib.lib : ssi.obj (.text:SSIEnable)
                  00000a1c    00000006                   : sysctl.obj (.text:SysCtlDelay)
                  00000a22    00000006     rtsv7M4_T_le_v4SPD16_eabi.lib : copy_decompress_rle.obj (.text:decompress:rle24)

.const     0    00000a28    000000fc     
                  00000a28    00000090     driverlib.lib : gpio.obj (.const:g_pui32GPIOBaseAddrs)
                  00000ab8    0000006c                   : sysctl.obj (.const:g_pui32Xtals)

.cinit     0    00000b28    00000020     
                  00000b28    0000000f     (.cinit..data.load) [load image, compression = rle]
                  00000b37    00000001     --HOLE-- [fill = 0]
                  00000b38    00000008     (__TI_handler_table)
                  00000b40    00000008     (__TI_cinit_table)

.stack     0    20000000    00000200     UNINITIALIZED
                  20000000    00000200     --HOLE--

.data      0    20000200    00000014     UNINITIALIZED
                  20000200    00000008     rtsv7M4_T_le_v4SPD16_eabi.lib : _lock.obj (.data)
                  20000208    00000008                                   : exit.obj (.data)
                  20000210    00000004                                   : stkdepth_vars.obj (.data)


LINKER GENERATED COPY TABLES

__TI_cinit_table @ 00000b40 records: 1, size/record: 8, table size: 8
	.data: load addr=00000b28, load size=0000000f bytes, run addr=20000200, run size=00000014 bytes, compression=rle


LINKER GENERATED HANDLER TABLE

__TI_handler_table @ 00000b38 records: 2, size/record: 4, table size: 8
	index: 0, handler: __TI_decompress_rle24
	index: 1, handler: __TI_decompress_none


GLOBAL SYMBOLS: SORTED ALPHABETICALLY BY Name 

address    name
--------   ----
000008c5   C$$EXIT
00000561   DAC_Out
00000981   GPIODirModeSet
0000026d   GPIOPadConfigSet
000007f1   GPIOPinConfigure
000009d9   GPIOPinTypeSSI
00000a07   ResetISR
UNDEFED    SHT$$INIT_ARRAY$$Base
UNDEFED    SHT$$INIT_ARRAY$$Limit
000004f5   SSI0_Init
00000545   SSI0_Out
00000909   SSIConfigSetExpClk
000009eb   SSIDataPutNonBlocking
00000a13   SSIEnable
00000599   SysCtlClockGet
0000039d   SysCtlClockSet
00000a1d   SysCtlDelay
0000094d   SysCtlPeripheralEnable
20000200   __STACK_END
00000200   __STACK_SIZE
20000200   __STACK_TOP
00000b40   __TI_CINIT_Base
00000b48   __TI_CINIT_Limit
00000b38   __TI_Handler_Table_Base
00000b40   __TI_Handler_Table_Limit
00000001   __TI_args_main
000006fd   __TI_auto_init
20000208   __TI_cleanup_ptr
000009f9   __TI_decompress_none
00000a23   __TI_decompress_rle24
2000020c   __TI_dtors_ptr
00000000   __TI_static_base__
00000661   __aeabi_memcpy
00000661   __aeabi_memcpy4
00000661   __aeabi_memcpy8
ffffffff   __binit__
ffffffff   __c_args__
20000000   __stack
000009ad   _args_main
00000839   _c_int00
20000200   _lock
000009d3   _nop
000009cb   _register_lock
000009c5   _register_unlock
20000204   _unlock
000008c9   abort
ffffffff   binit
00000881   copy_in
000008d1   exit
00000000   g_pfnVectors
000004a1   main
20000210   main_func_sp
00000661   memcpy


GLOBAL SYMBOLS: SORTED BY Symbol Address 

address    name
--------   ----
00000000   __TI_static_base__
00000000   g_pfnVectors
00000001   __TI_args_main
00000200   __STACK_SIZE
0000026d   GPIOPadConfigSet
0000039d   SysCtlClockSet
000004a1   main
000004f5   SSI0_Init
00000545   SSI0_Out
00000561   DAC_Out
00000599   SysCtlClockGet
00000661   __aeabi_memcpy
00000661   __aeabi_memcpy4
00000661   __aeabi_memcpy8
00000661   memcpy
000006fd   __TI_auto_init
000007f1   GPIOPinConfigure
00000839   _c_int00
00000881   copy_in
000008c5   C$$EXIT
000008c9   abort
000008d1   exit
00000909   SSIConfigSetExpClk
0000094d   SysCtlPeripheralEnable
00000981   GPIODirModeSet
000009ad   _args_main
000009c5   _register_unlock
000009cb   _register_lock
000009d3   _nop
000009d9   GPIOPinTypeSSI
000009eb   SSIDataPutNonBlocking
000009f9   __TI_decompress_none
00000a07   ResetISR
00000a13   SSIEnable
00000a1d   SysCtlDelay
00000a23   __TI_decompress_rle24
00000b38   __TI_Handler_Table_Base
00000b40   __TI_CINIT_Base
00000b40   __TI_Handler_Table_Limit
00000b48   __TI_CINIT_Limit
20000000   __stack
20000200   __STACK_END
20000200   __STACK_TOP
20000200   _lock
20000204   _unlock
20000208   __TI_cleanup_ptr
2000020c   __TI_dtors_ptr
20000210   main_func_sp
ffffffff   __binit__
ffffffff   __c_args__
ffffffff   binit
UNDEFED    SHT$$INIT_ARRAY$$Base
UNDEFED    SHT$$INIT_ARRAY$$Limit

[53 symbols]
